---
# Source: nfd/templates/nfd-instance.yaml
apiVersion: nfd.openshift.io/v1
kind: NodeFeatureDiscovery
metadata:
  name: nfd-instance
  namespace: openshift-nfd
  annotations:
    argocd.argoproj.io/sync-wave: "1"
spec:
  instance: "" # instance is empty by default
  topologyupdater: false # False by default
  operand:
    image: registry.redhat.io/openshift4/ose-node-feature-discovery:v4.13
    imagePullPolicy: Always
  workerConfig:
    configData: |
      core:
        sleepInterval: 60s
      sources:
        cpu:
          cpuid:
      #     NOTE: whitelist has priority over blacklist
            attributeBlacklist:
              - "BMI1"
              - "BMI2"
              - "CLMUL"
              - "CMOV"
              - "CX16"
              - "ERMS"
              - "F16C"
              - "HTT"
              - "LZCNT"
              - "MMX"
              - "MMXEXT"
              - "NX"
              - "POPCNT"
              - "RDRAND"
              - "RDSEED"
              - "RDTSCP"
              - "SGX"
              - "SSE"
              - "SSE2"
              - "SSE3"
              - "SSE4.1"
              - "SSE4.2"
              - "SSSE3"
            attributeWhitelist:
        kernel:
          kconfigFile: "/path/to/kconfig"
          configOpts:
            - "NO_HZ"
            - "X86"
            - "DMI"
        pci:
          deviceClassWhitelist:
            - "0200"
            - "03"
            - "12"
          deviceLabelFields:
            - "vendor"
  customConfig:
    configData: |
      - name: "more.kernel.features"
        matchOn:
        - loadedKMod: ["example_kmod3"]
  extraLabelNs:
    - habana.ai
---
# Source: nfd/templates/nfd-rule.yaml
# Copyright (c) 2022 - 2023 Intel Corporation
# SPDX-License-Identifier: Apache-2.0

apiVersion: nfd.openshift.io/v1alpha1
kind: NodeFeatureRule
metadata:
  name: intel-dp-devices
spec:
  rules:
    - name: "intel.gpu"
      labels:
        "intel.feature.node.kubernetes.io/gpu": "true"
      matchFeatures:
        - feature: pci.device
          matchExpressions:
            vendor: {op: In, value: ["8086"]}
            class: {op: In, value: ["0300", "0380"]}

    - name: "intel.qat"
      labels:
        "intel.feature.node.kubernetes.io/qat": "true"
      matchFeatures:
        - feature: pci.device
          matchExpressions:
            vendor: {op: In, value: ["8086"]}
            device: {op: In, value: ["4940", "4942", "4944"]}
            class: {op: In, value: ["0b40"]}
        - feature: kernel.loadedmodule
          matchExpressions:
            intel_qat: {op: Exists}

    - name: "intel.sgx"
      labels:
        "intel.feature.node.kubernetes.io/sgx": "true"
      matchFeatures:
        - feature: cpu.cpuid
          matchExpressions:
            SGX: {op: Exists}
            SGXLC: {op: Exists}
        - feature: cpu.sgx
          matchExpressions:
            enabled: {op: IsTrue}
        - feature: kernel.config
          matchExpressions:
            X86_SGX: {op: Exists}
