---
# Source: reranking/templates/reranking-service.yaml
apiVersion: v1
kind: Service
metadata:
  annotations:
    kompose.cmd: kompose convert -f docker_compose.yaml
    kompose.version: 1.33.0 (3ce457399)
  labels:
    io.kompose.service: reranking
  name: reranking
  namespace: gaudi-llm
spec:
  ports:
    - name: "8000"
      port: 8000
      targetPort: 8000
  selector:
    io.kompose.service: reranking
---
# Source: reranking/templates/reranking-deployment.yaml
apiVersion: apps/v1
kind: Deployment
metadata:
  annotations:
    kompose.cmd: kompose convert -f docker_compose.yaml
    kompose.version: 1.33.0 (3ce457399)
    argocd.argoproj.io/sync-wave: "5"
    image.openshift.io/triggers: '[{"from":{"kind":"ImageStreamTag","name":"reranking-tei:latest"},"fieldPath":"spec.template.spec.containers[?(@.name==\"reranking-tei-gaudi-server\")].image"}]'
  labels:
    io.kompose.service: reranking
  name: reranking
  namespace: gaudi-llm
spec:
  replicas: 1
  selector:
    matchLabels:
      io.kompose.service: reranking
  template:
    metadata:
      annotations:
        kompose.cmd: kompose convert -f docker_compose.yaml
        kompose.version: 1.33.0 (3ce457399)
      labels:
        io.kompose.network/chatqna-default: "true"
        io.kompose.service: reranking
    spec:
      containers:
        - env:
            - name: HOME
              value: /tmp/temp-data
            - name: PYTHONPATH
              value: /home/user/.local/lib/python3.11/site-packages:/home/user
            - name: HUGGINGFACEHUB_API_TOKEN
              valueFrom:
                secretKeyRef:
                  key: huggingface
                  name: hf-token-secret
            - name: TEI_RERANKING_ENDPOINT
              value: http://tei-xeon-service.gaudi-llm.svc.cluster.local:8808
          image: image-registry.openshift-image-registry.svc:5000/gaudi-llm/reranking-tei:latest
          name: reranking-tei-gaudi-server
          ports:
            - containerPort: 8000
              protocol: TCP
          volumeMounts:
            - name: temp-data
              mountPath: /tmp/temp-data
      restartPolicy: Always
      volumes:
        - name: temp-data
          emptyDir: {}
---
# Source: reranking/templates/reranking-buildconfig.yaml
kind: BuildConfig
apiVersion: build.openshift.io/v1
metadata:
  name: reranking
  namespace: gaudi-llm
spec:
  output:
    to:
      kind: "ImageStreamTag"
      name: "reranking-tei:latest"
  failedBuildsHistoryLimit: 5
  successfulBuildsHistoryLimit: 5
  nodeSelector: null
  postCommit: {}
  resources: {}
  runPolicy: SerialLatestOnly
  source:
    git:
      ref: 8ebe2bf
      uri: https://github.com/opea-project/GenAIComps.git
    type: Git
  strategy:
    type: Docker
    dockerStrategy:
      dockerfilePath: comps/reranks/langchain/docker/Dockerfile
  triggers:
  - type: ConfigChange
---
# Source: reranking/templates/reranking-imagestream.yaml
apiVersion: image.openshift.io/v1
kind: ImageStream
metadata:
  name: reranking-tei
  namespace: gaudi-llm
spec:
  lookupPolicy:
    local: true
---
# Source: reranking/templates/reranking-route.yaml
apiVersion: route.openshift.io/v1
kind: Route
metadata:
  name: rerank-megaservice-route
  namespace: gaudi-llm
spec:
  host: megaservice-gaudi-llm.apps.
  path: /v1/reranking
  port:
    targetPort: 8000
  to:
    kind: Service
    name: reranking
    weight: 100
  wildcardPolicy: None
