---
# Source: rhods-operator/templates/rhods-datasciencecluster.yaml
apiVersion: datasciencecluster.opendatahub.io/v1
kind: DataScienceCluster
metadata:
  annotations:
    argocd.argoproj.io/sync-wave: "0"
  name: rhods-datasciencecluster
spec:
  components:
    codeflare:
      managementState: Removed
    dashboard:
      managementState: Managed
    datasciencepipelines:
      managementState: Managed
    kserve:
      managementState: Managed
      serving:
        ingressGateway:
          certificate:
            type: SelfSigned
        managementState: Managed
        name: knative-serving
    kueue:
      managementState: Removed
    modelmeshserving:
      managementState: Managed
    ray:
      managementState: Removed
    trustyai:
      managementState: Removed
    workbenches:
      managementState: Managed
